****************************************************************************
              DSSR: an Integrated Software Tool for
             Dissecting the Spatial Structure of RNA
             v1.9.10-2020apr23, by xiangjun@x3dna.org

DSSR has been made possible by the NIH grant R01GM096889 (to X.J.Lu).
It is being actively maintained and developed. As always, I greatly
appreciate your feedback. Please report all DSSR-related issues on
the 3DNA Forum (forum.x3dna.org). I strive to respond promptly to any
questions posted there. DSSR is free of charge for NON-COMMERCIAL
purposes, and it comes with ABSOLUTELY NO WARRANTY.

****************************************************************************
Note: By default, each nucleotide is identified by chainId.name#. So a
      common case would be B.A1689, meaning adenosine #1689 on chain B.
      One-letter base names for modified nucleotides are put in lower
      case (e.g., 'c' for 5MC). For further information about the output
      notation, please refer to the DSSR User Manual.
    Questions and suggestions are *always* welcome on the 3DNA Forum.

Command: x3dna-dssr -i=test/1KPD.pdb -o=test/1KPD.dssr.out
Date and time: Wed Jul 16 15:57:41 2025
File name: 1KPD.pdb
    no. of DNA/RNA chains: 1 [A=32]
    no. of nucleotides:    32
    no. of atoms:          1035
    no. of waters:         0
    no. of metals:         0

****************************************************************************
List of 10 base pairs
     nt1            nt2            bp  name        Saenger   LW   DSSR
   1 A.G1           A.C19          G-C WC          19-XIX    cWW  cW-W
   2 A.G2           A.C18          G-C WC          19-XIX    cWW  cW-W
   3 A.C3           A.G17          C-G WC          19-XIX    cWW  cW-W
   4 A.G4           A.C16          G-C WC          19-XIX    cWW  cW-W
   5 A.C5           A.G15          C-G WC          19-XIX    cWW  cW-W
   6 A.G9           A.C31          G-C WC          19-XIX    cWW  cW-W
   7 A.G10          A.C30          G-C WC          19-XIX    cWW  cW-W
   8 A.G11          A.C29          G-C WC          19-XIX    cWW  cW-W
   9 A.C12          A.G28          C-G WC          19-XIX    cWW  cW-W
  10 A.U13          A.G27          U-G Wobble      28-XXVIII cWW  cW-W

****************************************************************************
List of 1 helix
  Note: a helix is defined by base-stacking interactions, regardless of bp
        type and backbone connectivity, and may contain more than one stem.
      helix#number[stems-contained] bps=number-of-base-pairs in the helix
      bp-type: '|' for a canonical WC/wobble pair, '.' otherwise
      helix-form: classification of a dinucleotide step comprising the bp
        above the given designation and the bp that follows it. Types
        include 'A', 'B' or 'Z' for the common A-, B- and Z-form helices,
        '.' for an unclassified step, and 'x' for a step without a
        continuous backbone.
      --------------------------------------------------------------------
  helix#1[2] bps=10
      strand-1 5'-GGCGCGGCCC-3'
       bp-type    ||||||||||
      strand-2 3'-CCGCGUCGGG-5'
      helix-form  .AAAx.AAA
   1 A.G1           A.C19          G-C WC           19-XIX    cWW  cW-W
   2 A.G2           A.C18          G-C WC           19-XIX    cWW  cW-W
   3 A.C3           A.G17          C-G WC           19-XIX    cWW  cW-W
   4 A.G4           A.C16          G-C WC           19-XIX    cWW  cW-W
   5 A.C5           A.G15          C-G WC           19-XIX    cWW  cW-W
   6 A.G27          A.U13          G-U Wobble       28-XXVIII cWW  cW-W
   7 A.G28          A.C12          G-C WC           19-XIX    cWW  cW-W
   8 A.C29          A.G11          C-G WC           19-XIX    cWW  cW-W
   9 A.C30          A.G10          C-G WC           19-XIX    cWW  cW-W
  10 A.C31          A.G9           C-G WC           19-XIX    cWW  cW-W

****************************************************************************
List of 2 stems
  Note: a stem is defined as a helix consisting of only canonical WC/wobble
        pairs, with a continuous backbone.
      stem#number[#helix-number containing this stem]
      Other terms are defined as in the above Helix section.
      --------------------------------------------------------------------
  stem#1[#1] bps=5
      strand-1 5'-GGCGC-3'
       bp-type    |||||
      strand-2 3'-CCGCG-5'
      helix-form  .AAA
   1 A.G1           A.C19          G-C WC           19-XIX    cWW  cW-W
   2 A.G2           A.C18          G-C WC           19-XIX    cWW  cW-W
   3 A.C3           A.G17          C-G WC           19-XIX    cWW  cW-W
   4 A.G4           A.C16          G-C WC           19-XIX    cWW  cW-W
   5 A.C5           A.G15          C-G WC           19-XIX    cWW  cW-W
  --------------------------------------------------------------------------
  stem#2[#1] bps=5
      strand-1 5'-GGGCU-3'
       bp-type    |||||
      strand-2 3'-CCCGG-5'
      helix-form  AAA.
   1 A.G9           A.C31          G-C WC           19-XIX    cWW  cW-W
   2 A.G10          A.C30          G-C WC           19-XIX    cWW  cW-W
   3 A.G11          A.C29          G-C WC           19-XIX    cWW  cW-W
   4 A.C12          A.G28          C-G WC           19-XIX    cWW  cW-W
   5 A.U13          A.G27          U-G Wobble       28-XXVIII cWW  cW-W

****************************************************************************
List of 1 coaxial stack
   1 Helix#1 contains 2 stems: [#1,#2]

****************************************************************************
List of 6 stacks
  Note: a stack is an ordered list of nucleotides assembled together via
        base-stacking interactions, regardless of backbone connectivity.
        Stacking interactions within a stem are *not* included.
   1 nts=2 AG A.A6,A.G7
   2 nts=2 GG A.G9,A.G32
   3 nts=2 UC A.U22,A.C23
   4 nts=2 AA A.A24,A.A25
   5 nts=3 GAC A.G1,A.A20,A.C21
   6 nts=3 GAG A.G15,A.A14,A.G27

****************************************************************************
Nucleotides not involved in stacking interactions
     nts=2 UA A.U8,A.A26

****************************************************************************
List of 1 atom-base capping interaction
    dv: vertical distance of the atom above the nucleotide base
    -----------------------------------------------------------
     type       atom                 nt             dv
   1 sugar      O2'@A.A20            A.U22          2.86

****************************************************************************
Note: for the various types of loops listed below, numbers within the first
      set of brackets are the number of loop nts, and numbers in the second
      set of brackets are the identities of the stems (positive number) or
      isolated WC/wobble pairs (negative numbers) to which they are linked.

****************************************************************************
List of 2 hairpin loops
   1 hairpin loop: nts=11; [9]; linked by [#1]
     summary: [1] 9 [A.5 A.15] 5
     nts=11 CAGUGGGCUAG A.C5,A.A6,A.G7,A.U8,A.G9,A.G10,A.G11,A.C12,A.U13,A.A14,A.G15
       nts=9 AGUGGGCUA A.A6,A.G7,A.U8,A.G9,A.G10,A.G11,A.C12,A.U13,A.A14
   2 hairpin loop: nts=15; [13]; linked by [#2]
     summary: [1] 13 [A.13 A.27] 5
     nts=15 UAGCGCCACUCAAAG A.U13,A.A14,A.G15,A.C16,A.G17,A.C18,A.C19,A.A20,A.C21,A.U22,A.C23,A.A24,A.A25,A.A26,A.G27
       nts=13 AGCGCCACUCAAA A.A14,A.G15,A.C16,A.G17,A.C18,A.C19,A.A20,A.C21,A.U22,A.C23,A.A24,A.A25,A.A26

****************************************************************************
List of 1 non-loop single-stranded segment
   1 nts=1 G A.G32

****************************************************************************
List of 3 splayed-apart dinucleotides
   1 A.G7  A.U8  angle=131    distance=17.1     ratio=0.91
   2 A.U8  A.G9  angle=145    distance=17.6     ratio=0.95
   3 A.A26 A.G27 angle=106    distance=14.5     ratio=0.80
----------------------------------------------------------------
Summary of 2 splayed-apart units
   1 nts=3 GUG A.G7,A.U8,A.G9
   2 nts=2 AG A.A26,A.G27

****************************************************************************
This structure contains 1-order pseudoknot
   o You may want to run DSSR again with the '--nested' option which removes
     pseudoknots to get a fully nested secondary structure representation.

****************************************************************************
List of 3 H-type pseudoknot loop segments
   1 stem#1(hairpin#1) vs stem#2(hairpin#2) L1 groove=MAJOR nts=3 AGU A.A6,A.G7,A.U8
   2 stem#1(hairpin#1) vs stem#2(hairpin#2) L2 groove=----- nts=1 A A.A14
   3 stem#1(hairpin#1) vs stem#2(hairpin#2) L3 groove=minor nts=7 ACUCAAA A.A20,A.C21,A.U22,A.C23,A.A24,A.A25,A.A26

****************************************************************************
Secondary structures in dot-bracket notation (dbn) as a whole and per chain
>1KPD nts=32 [whole]
GGCGCAGUGGGCUAGCGCCACUCAAAGGCCCG
(((((...[[[[[.))))).......]]]]].
>1KPD-A #1 nts=32 0.06(2.33) [chain] RNA
GGCGCAGUGGGCUAGCGCCACUCAAAGGCCCG
(((((...[[[[[.))))).......]]]]].

****************************************************************************
Summary of structural features of 32 nucleotides
  Note: the first five columns are: (1) serial number, (2) one-letter
    shorthand name, (3) dbn, (4) id string, (5) rmsd (~zero) of base
    ring atoms fitted against those in a standard base reference
    frame. The sixth (last) column contains a comma-separated list of
    features whose meanings are mostly self-explanatory, except for:
      turn: angle C1'(i-1)--C1'(i)--C1'(i+1) < 90 degrees
      break: no backbone linkage between O3'(i-1) and P(i)
   1  G ( A.G1  0.006  anti,~C3'-endo,BI,canonical,non-pair-contact,helix-end,stem-end,coaxial-stack
   2  G ( A.G2  0.006  anti,~C3'-endo,BI,canonical,non-pair-contact,helix,stem,coaxial-stack
   3  C ( A.C3  0.006  anti,~C3'-endo,BI,canonical,non-pair-contact,helix,stem,coaxial-stack
   4  G ( A.G4  0.006  anti,~C3'-endo,BI,canonical,non-pair-contact,helix,stem,coaxial-stack
   5  C ( A.C5  0.006  anti,~C3'-endo,BI,canonical,non-pair-contact,helix,stem-end,coaxial-stack,hairpin-loop
   6  A . A.A6  0.009  anti,~C3'-endo,BI,non-pair-contact,hairpin-loop
   7  G . A.G7  0.005  anti,~C3'-endo,non-pair-contact,hairpin-loop,splayed-apart
   8  U . A.U8  0.012  turn,anti,~C3'-endo,BII,non-stack,hairpin-loop,splayed-apart
   9  G [ A.G9  0.006  pseudoknotted,anti,~C3'-endo,BI,canonical,non-pair-contact,helix-end,stem-end,coaxial-stack,hairpin-loop,splayed-apart
  10  G [ A.G10 0.005  pseudoknotted,anti,~C3'-endo,BI,canonical,non-pair-contact,helix,stem,coaxial-stack,hairpin-loop
  11  G [ A.G11 0.006  pseudoknotted,anti,~C3'-endo,BI,canonical,non-pair-contact,helix,stem,coaxial-stack,hairpin-loop
  12  C [ A.C12 0.007  pseudoknotted,anti,~C3'-endo,BI,canonical,non-pair-contact,helix,stem,coaxial-stack,hairpin-loop
  13  U [ A.U13 0.014  pseudoknotted,anti,~C3'-endo,BII,canonical,non-pair-contact,helix,stem-end,coaxial-stack,hairpin-loop
  14  A . A.A14 0.009  anti,~C3'-endo,BI,non-pair-contact,hairpin-loop
  15  G ) A.G15 0.006  anti,~C3'-endo,BI,canonical,non-pair-contact,helix,stem-end,coaxial-stack,hairpin-loop
  16  C ) A.C16 0.007  anti,~C3'-endo,BI,canonical,non-pair-contact,helix,stem,coaxial-stack,hairpin-loop
  17  G ) A.G17 0.006  anti,~C3'-endo,BI,canonical,non-pair-contact,helix,stem,coaxial-stack,hairpin-loop
  18  C ) A.C18 0.006  anti,~C3'-endo,BI,canonical,non-pair-contact,helix,stem,coaxial-stack,hairpin-loop
  19  C ) A.C19 0.007  anti,~C3'-endo,BI,canonical,non-pair-contact,helix-end,stem-end,coaxial-stack,hairpin-loop
  20  A . A.A20 0.009  anti,~C3'-endo,non-pair-contact,hairpin-loop,cap-donor
  21  C . A.C21 0.007  turn,anti,~C3'-endo,non-pair-contact,hairpin-loop
  22  U . A.U22 0.013  anti,~C2'-endo,BI,non-pair-contact,hairpin-loop,cap-acceptor
  23  C . A.C23 0.007  anti,~C2'-endo,BI,non-pair-contact,hairpin-loop
  24  A . A.A24 0.009  anti,~C2'-endo,BI,non-pair-contact,hairpin-loop
  25  A . A.A25 0.009  anti,~C2'-endo,non-pair-contact,hairpin-loop,phosphate
  26  A . A.A26 0.009  anti,~C2'-endo,BI,non-stack,non-pair-contact,hairpin-loop,phosphate,splayed-apart
  27  G ] A.G27 0.005  pseudoknotted,anti,~C3'-endo,BI,canonical,non-pair-contact,helix,stem-end,coaxial-stack,hairpin-loop,phosphate,splayed-apart
  28  G ] A.G28 0.006  pseudoknotted,anti,~C3'-endo,BI,canonical,non-pair-contact,helix,stem,coaxial-stack
  29  C ] A.C29 0.007  pseudoknotted,anti,~C3'-endo,BI,canonical,non-pair-contact,helix,stem,coaxial-stack
  30  C ] A.C30 0.007  pseudoknotted,anti,~C3'-endo,BI,canonical,non-pair-contact,helix,stem,coaxial-stack
  31  C ] A.C31 0.006  pseudoknotted,anti,~C3'-endo,BI,canonical,non-pair-contact,helix-end,stem-end,coaxial-stack
  32  G . A.G32 0.006  anti,~C2'-endo,non-pair-contact,ss-non-loop

****************************************************************************
List of 11 additional files
   1 dssr-pairs.pdb -- an ensemble of base pairs
   2 dssr-stems.pdb -- an ensemble of stems
   3 dssr-helices.pdb -- an ensemble of helices (coaxial stacking)
   4 dssr-hairpins.pdb -- an ensemble of hairpin loops
   5 dssr-2ndstrs.bpseq -- secondary structure in bpseq format
   6 dssr-2ndstrs.ct -- secondary structure in connectivity table format
   7 dssr-2ndstrs.dbn -- secondary structure in dot-bracket notation
   8 dssr-torsions.txt -- backbone torsion angles and suite names
   9 dssr-splays.pdb -- an ensemble of splayed-apart units
  10 dssr-stacks.pdb -- an ensemble of stacks
  11 dssr-atom2bases.pdb -- an ensemble of atom-base stacking interactions

****************************************************************************
Time used: 00:00:00:00
